// Jest Snapshot v1, https://goo.gl/fbAQLP

exports[`Accordion component renders empty without any Accordion given without errors 1`] = `
<ul
  className="Accordion"
/>
`;
